# serializer version: 1
# name: test_process_messages
  dict({
    '11': 2.39095350058,
    '一个': 0.5635101944259999,
    '句子': 1.8226371818379998,
    '奇怪': 1.292106194262,
    '这是': 0.858325655278,
  })
# ---
